{
	"item": "minecraft:golden_chestplate",
	"durability": 64,
	"armor": 1.5,
	"modifiers": [

	]
}