{
	"item": "minecraft:golden_helmet",
	"durability": 65,
	"armor": 1,
	"armor_toughness": 0,
	"modifiers": [
		{
			"uuid": "3f22e9a3-0916-43ab-a93f-ba52e5ae28e5",
			"name": "Golden armor bonus max health",
			"slot": "head",
			"attribute": "minecraft:generic.max_health",
			"amount": 5,
			"operation": "addition"
		},
		{
			"uuid": "cf4db784-9677-4e90-9c74-ee3d85c9a641",
			"name": "Armor slowdown",
			"slot": "head",
			"attribute": "minecraft:generic.movement_speed",
			"amount": -0.004,
			"operation": "multiply_base"
		}
	]
}