{
	"item": "minecraft:golden_leggings",
	"durability": 60,
	"armor": 1,
	"modifiers": [

	]
}