{
    "item": "#iguanatweaksreborn:equipment/armor/golden",
    "enchantability": 18,
    "armor_toughness": 0
}