{
	"item": "minecraft:golden_chestplate",
	"durability": 96,
	"armor": 5,
	"toughness": 1
}