{
	"item": "minecraft:golden_helmet",
	"durability": 78,
	"armor": 1,
	"toughness": 1
}