{
	"item": "minecraft:golden_leggings",
	"durability": 90,
	"armor": 3,
	"toughness": 1
}