{
	"item_to_repair": {
		"id": "minecraft:golden_boots"
	},
	"repair": [
		{
			"repair_material": {
				"id": "minecraft:gold_ingot"
			},
			"amount": 4
		}
	]
}