{
	"item_to_repair": {
		"id": "minecraft:golden_chestplate"
	},
	"repair": [
		{
			"repair_material": {
				"id": "minecraft:gold_ingot"
			},
			"amount": 8
		},
		{
			"repair_material": {
				"id": "minecraft:gold_nugget"
			},
			"amount": 72,
			"cost_multiplier": 9
		}
	]
}