{
	"item_to_repair": {
		"id": "survivalreimagined:golden_hammer"
	},
	"repair": [
		{
			"repair_material": {
				"id": "minecraft:gold_ingot"
			},
			"amount": 5
		},
		{
			"repair_material": {
				"id": "minecraft:gold_nugget"
			},
			"amount": 45
		}
	]
}