{
	"item_to_repair": {
		"id": "minecraft:golden_leggings"
	},
	"repair": [
		{
			"repair_material": {
				"id": "minecraft:gold_ingot"
			},
			"amount": 6
		},
		{
			"repair_material": {
				"id": "minecraft:gold_nugget"
			},
			"amount": 50,
			"cost_multiplier": 9
		}
	]
}